src/components/ui/TagInput.tsx(1,35): error TS1484: 'KeyboardEvent' is a type and must be imported using a type-only import when 'verbatimModuleSyntax' is enabled.
src/pages/candidate/SkillZone/useProctoring.ts(25,7): error TS6133: 'EYE_GAZE_THRESHOLD' is declared but its value is never read.
